AR mmu behavioral E:/Computer_Organization/CPU_FINAL/mmu.vhd sub00/vhpl19 1449840863
AR id behavioral E:/Computer_Organization/CPU_FINAL/id.vhd sub00/vhpl25 1449840869
AR ex behavioral E:/Computer_Organization/CPU_FINAL/ex.vhd sub00/vhpl33 1449840877
AR mem_wb behavioral E:/Computer_Organization/CPU_FINAL/mem_wb.vhd sub00/vhpl39 1449840883
EN fd_clk NULL E:/Computer_Organization/CPU_FINAL/fd_clk.vhd sub00/vhpl12 1449840856
EN id NULL E:/Computer_Organization/CPU_FINAL/id.vhd sub00/vhpl24 1449840868
EN ex NULL E:/Computer_Organization/CPU_FINAL/ex.vhd sub00/vhpl32 1449840876
EN clkcon NULL E:/Computer_Organization/CPU_FINAL/clkcon.vhd sub00/vhpl04 1449840848
EN mem NULL E:/Computer_Organization/CPU_FINAL/mem.vhd sub00/vhpl36 1449840880
EN rcvr NULL E:/Computer_Organization/CPU_FINAL/rcvr.vhd sub00/vhpl02 1449840846
EN s_regfile NULL E:/Computer_Organization/CPU_FINAL/s_regfile.vhd sub00/vhpl28 1449840872
EN id_ex NULL E:/Computer_Organization/CPU_FINAL/id_ex.vhd sub00/vhpl30 1449840874
EN flash NULL E:/Computer_Organization/CPU_FINAL/flash.vhd sub00/vhpl20 1449840864
AR flash behavioral E:/Computer_Organization/CPU_FINAL/flash.vhd sub00/vhpl21 1449840865
EN vga NULL E:/Computer_Organization/CPU_FINAL/vga.vhd sub00/vhpl08 1449840852
EN mem_wb NULL E:/Computer_Organization/CPU_FINAL/mem_wb.vhd sub00/vhpl38 1449840882
AR if_id behavioral E:/Computer_Organization/CPU_FINAL/if_id.vhd sub00/vhpl23 1449840867
AR excited_cpu behavioral E:/Computer_Organization/CPU_FINAL/excited_cpu.vhd sub00/vhpl41 1449840885
EN pc_reg NULL E:/Computer_Organization/CPU_FINAL/pc_reg.vhd sub00/vhpl16 1449840860
EN mmu NULL E:/Computer_Organization/CPU_FINAL/mmu.vhd sub00/vhpl18 1449840862
AR s_regfile behavioral E:/Computer_Organization/CPU_FINAL/s_regfile.vhd sub00/vhpl29 1449840873
EN excited_cpu NULL E:/Computer_Organization/CPU_FINAL/excited_cpu.vhd sub00/vhpl40 1449840884
AR vga behavioral E:/Computer_Organization/CPU_FINAL/vga.vhd sub00/vhpl09 1449840853
AR mem behavioral E:/Computer_Organization/CPU_FINAL/mem.vhd sub00/vhpl37 1449840881
EN if_id NULL E:/Computer_Organization/CPU_FINAL/if_id.vhd sub00/vhpl22 1449840866
AR ps2 behavioral E:/Computer_Organization/CPU_FINAL/ps2.vhd sub00/vhpl07 1449840851
AR g_regfile behavioral E:/Computer_Organization/CPU_FINAL/g_regfile.vhd sub00/vhpl27 1449840871
EN control NULL E:/Computer_Organization/CPU_FINAL/control.vhd sub00/vhpl14 1449840858
AR pc_reg behavioral E:/Computer_Organization/CPU_FINAL/pc_reg.vhd sub00/vhpl17 1449840861
AR txmit v1 E:/Computer_Organization/CPU_FINAL/txmit.vhd sub00/vhpl01 1449840845
EN g_regfile NULL E:/Computer_Organization/CPU_FINAL/g_regfile.vhd sub00/vhpl26 1449840870
EN ps2 NULL E:/Computer_Organization/CPU_FINAL/ps2.vhd sub00/vhpl06 1449840850
AR uart v1 E:/Computer_Organization/CPU_FINAL/uart.vhd sub00/vhpl11 1449840855
EN ex_mem NULL E:/Computer_Organization/CPU_FINAL/ex_mem.vhd sub00/vhpl34 1449840878
EN txmit NULL E:/Computer_Organization/CPU_FINAL/txmit.vhd sub00/vhpl00 1449840844
AR control behavioral E:/Computer_Organization/CPU_FINAL/control.vhd sub00/vhpl15 1449840859
AR id_ex behavioral E:/Computer_Organization/CPU_FINAL/id_ex.vhd sub00/vhpl31 1449840875
EN uart NULL E:/Computer_Organization/CPU_FINAL/uart.vhd sub00/vhpl10 1449840854
AR rcvr v1 E:/Computer_Organization/CPU_FINAL/rcvr.vhd sub00/vhpl03 1449840847
AR ex_mem behavioral E:/Computer_Organization/CPU_FINAL/ex_mem.vhd sub00/vhpl35 1449840879
AR fd_clk behavioral E:/Computer_Organization/CPU_FINAL/fd_clk.vhd sub00/vhpl13 1449840857
AR clkcon v1 E:/Computer_Organization/CPU_FINAL/clkcon.vhd sub00/vhpl05 1449840849
